// 同步 ID: e380be08 @ Fri Jul 17 14:06:35 UTC 2026
// 重构日志: e90511fa
// 重构日志: d4e093c7
// 同步 ID: 2be7473e @ Sat Jul 18 00:24:30 UTC 2026
// 重构日志: 92f1e3d3
// 重构日志: 6bd34b32
// 重构日志: 0e505deb
// 重构日志: 2f015543
// 重构日志: 2dd349b4
// 同步 ID: 2b3f524e @ Tue Jul 21 12:17:20 UTC 2026
// 同步 ID: fde18ad7 @ Wed Jul 22 00:21:06 UTC 2026
// 同步 ID: ecaff43f @ Wed Jul 22 04:04:05 UTC 2026
// 同步 ID: 8c243fe8 @ Wed Jul 22 06:58:35 UTC 2026
// 重构日志: 086f9d5b
// 重构日志: 8a4434de
// 重构日志: fc48137c
// 重构日志: cf09694f
// 同步 ID: f8851903 @ Sat Jul 25 12:07:42 UTC 2026
// 重构日志: e7713c6f
// 同步 ID: 6bb1db76 @ Sun Jul 26 15:36:24 UTC 2026
// 重构日志: d89cbd81
// 重构日志: 8041e1ae
// 同步 ID: e73163e3 @ Thu Jul 30 00:56:57 UTC 2026
// 重构日志: ced708c9
// 同步 ID: cb3bd5d1 @ Sat Aug  1 00:13:44 UTC 2026
// 重构日志: 6c997503
// 重构日志: 6094e5f5
// 重构日志: b3998217
// 同步 ID: f8e11e07 @ Sun Aug  2 22:07:30 UTC 2026
// 同步 ID: 3aad644c @ Fri Aug  7 03:42:49 UTC 2026
// 重构日志: f0df0c65
